// Jest Snapshot v1, https://goo.gl/fbAQLP

exports[`displays an error message 1`] = `[Function]`;

exports[`displays and error message 1`] = `[Function]`;

exports[`doest not render an error or success message if message props is empty 1`] = `<DocumentFragment />`;
